Compiling gomoku/ai_cy.pyx because it changed.
[1/1] Cythonizing gomoku/ai_cy.pyx
running build_ext
building 'gomoku.ai_cy' extension
creating build
creating build\temp.win-amd64-3.5
creating build\temp.win-amd64-3.5\Release
creating build\temp.win-amd64-3.5\Release\gomoku
D:\gcc\bin\gcc.exe -mdll -O -Wall -ID:\py\py3\anaconda\include -ID:\py\py3\anaconda\include -c gomoku/ai_cy.c -o build\temp.win-amd64-3.5\Release\gomoku\ai_cy.o
python : In file included from D:\py\py3\anaconda\include/Python.h:65:0,
所在位置 行:1 字符: 1
+ python setup_cython.py build_ext --inplace 2>&1 | tee build_output.lo ...
+ ~~~~~~~~~~~~~~~~~~~~~~~~~~~~~~~~~~~~~~~~~~~~~~~
    + CategoryInfo          : NotSpecified: (In file include.../Python.h:65:0, 
   :String) [], RemoteException
    + FullyQualifiedErrorId : NativeCommandError
 
                 from gomoku/ai_cy.c:10:
D:\py\py3\anaconda\include/pytime.h:112:12: warning: 'struct timeval' declared 
inside parameter list will not be visible outside of this definition or declara
tion
     struct timeval *tv,
            ^~~~~~~
D:\py\py3\anaconda\include/pytime.h:117:12: warning: 'struct timeval' declared 
inside parameter list will not be visible outside of this definition or declara
tion
     struct timeval *tv,
            ^~~~~~~
writing build\temp.win-amd64-3.5\Release\gomoku\ai_cy.cp35-win_amd64.def
creating build\lib.win-amd64-3.5
creating build\lib.win-amd64-3.5\gomoku
D:\gcc\bin\gcc.exe -shared -s build\temp.win-amd64-3.5\Release\gomoku\ai_cy.o build\temp.win-amd64-3.5\Release\gomoku\ai_cy.cp35-win_amd64.def -LD:\py\py3\anaconda\libs -LD:\py\py3\anaconda\PCbuild\amd64 -lpython35 -lvcruntime140 -o build\lib.win-amd64-3.5\gomoku\ai_cy.cp35-win_amd64.pyd
D:\py\py3\anaconda\libs/libpython35.dll.a: error adding symbols: File format no
t recognized
collect2.exe: error: ld returned 1 exit status
error: command 'D:\\gcc\\bin\\gcc.exe' failed with exit status 1
